
[    0.000000] Booting Linux on physical CPU 0x0000000000 [0x412fd050]
[    0.000000] Linux version 5.10.110-rock3 (builder@rock3-builder) (aarch64-linux-gnu-gcc (Ubuntu 11.3.0-1ubuntu1~22.04) 11.3.0, GNU ld (GNU Binutils for Ubuntu) 2.38) #1 SMP PREEMPT Tue Jun 23 18:00:00 UTC 2023
[    0.000000] Machine model: Radxa ROCK 3 Model B
[    0.000000] efi: UEFI not found.
[    0.000000] OF: fdt: Reserved memory: failed to reserve memory for node 'drm-cubic-lut@0': base 0x00000000, size 0 MiB
[    0.000000] NUMA: No NUMA configuration found
[    0.000000] NUMA: Faking a node at [mem 0x0000000000000000-0x00000000ffffffff]
[    0.000000] NUMA: NODE_DATA [mem 0x3fdd5000-0x3fdd6fff]
[    0.000000] Zone ranges:
[    0.000000]   DMA      [mem 0x0000000000000000-0x000000003fffffff]
[    0.000000]   DMA32    [mem 0x0000000040000000-0x00000000ffffffff]
[    0.000000]   Normal   empty
[    0.000000] Movable zone start for each node
[    0.000000] Early memory node ranges
[    0.000000]   node   0: [mem 0x0000000000000000-0x000000003fffffff]
[    0.000000]   node   0: [mem 0x0000000040000000-0x00000000fbffffff]
[    0.000000]   node   0: [mem 0x00000000fc000000-0x00000000fcffffff]
[    0.000000]   node   0: [mem 0x00000000ff000000-0x00000000ffffffff]
[    0.000000] Initmem setup node 0 [mem 0x0000000000000000-0x00000000ffffffff]
[    0.000000] cma: Reserved 16 MiB at 0x00000000f8000000
[    0.000000] psci: probing for conduit method from DT.
[    0.000000] psci: PSCIv1.1 detected in firmware.
[    0.000000] psci: Using standard PSCI v0.2 function IDs
[    0.000000] psci: MIGRATE_INFO_TYPE not supported.
[    0.000000] psci: SMC Calling Convention v1.2
[    0.000000] percpu: Embedded 24 pages/cpu s59976 r8192 d31144 u98304
[    0.000000] Detected PIPT I-cache on CPU0
[    0.000000] CPU features: detected: GIC system register CPU interface
[    0.000000] CPU features: detected: ARM erratum 845719
[    0.000000] CPU features: detected: CRC32 instructions
[    0.000000] Built 1 zonelists, mobility grouping on.  Total pages: 1004544
[    0.000000] Kernel command line: root=UUID=12345678-1234-1234-1234-123456789abc rw rootwait console=ttyS2,1500000 console=tty0 earlycon=uart8250,mmio32,0xfe660000 cma=16M loglevel=8
[    0.000000] Dentry cache hash table entries: 524288 (order: 10, 4194304 bytes, linear)
[    0.000000] Inode-cache hash table entries: 262144 (order: 9, 2097152 bytes, linear)
[    0.000000] mem auto-init: stack:off, heap alloc:off, heap free:off
[    0.000000] Memory: 3894908K/4096000K available (12796K kernel code, 1940K rwdata, 5384K rodata, 2240K init, 557K bss, 188740K reserved, 16384K cma-reserved)
[    0.000000] SLUB: HWalign=64, Order=0-3, MinObjects=0, CPUs=4, Nodes=1
[    0.000000] rcu: Preemptible hierarchical RCU implementation.
[    0.000000] rcu:     RCU event tracing is enabled.
[    0.000000] rcu:     RCU restricting CPUs from NR_CPUS=8 to nr_cpu_ids=4.
[    0.000000]  Trampoline variant of Tasks RCU enabled.
[    0.000000]  Rude variant of Tasks RCU enabled.
[    0.000000] rcu: RCU calculated value of scheduler-enlistment delay is 25 jiffies.
[    0.000000] rcu: Adjusting geometry for rcu_fanout_leaf=16, nr_cpu_ids=4
[    0.000000] NR_IRQS: 64, nr_irqs: 64, preallocated irqs: 0
[    0.000000] GICv3: GIC: Using split EOI/Deactivate mode
[    0.000000] GICv3: 256 SPIs implemented
[    0.000000] GICv3: 0 Extended SPIs implemented
[    0.000000] GICv3: Distributor has no Range Selector support
[    0.000000] GICv3: 16 PPIs implemented
[    0.000000] GICv3: CPU0: found redistributor 0 region 0:0x00000000fd460000
[    0.000000] ITS [mem 0xfd440000-0xfd45ffff]
[    0.000000] GICv3: ITS: 0 queues, 0 cmd queue
[    0.000000] GICv3: initialized, disabled, uses LPI
[    0.000000] rcu: srcu_init: Setting srcu_struct sizes based on contention.
[    0.000000] arch_timer: cp15 timer(s) running at 24.00MHz (phys).
[    0.000000] clocksource: arch_sys_counter: mask: 0xffffffffffffff max_cycles: 0x588fe9dc0, max_idle_ns: 440795202592 ns
[    0.000000] sched_clock: 56 bits at 24MHz, resolution 41ns, wraps every 4398046511097ns
[    0.000000] Console: colour dummy device 80x25
[    0.000000] Calibrating delay loop (skipped), value calculated using timer frequency.. 48.00 BogoMIPS (lpj=96000)
[    0.000000] pid_max: default: 32768 minimum: 301
[    0.000000] LSM: Security Framework initializing
[    0.000000] SELinux:  Initializing.
[    0.000000] LSM support for eBPF active
[    0.000000] Mount-cache hash table entries: 8192 (order: 4, 65536 bytes, linear)
[    0.000000] Mountpoint-cache hash table entries: 8192 (order: 4, 65536 bytes, linear)
[    0.000000] rcu: Hierarchical SRCU implementation.
[    0.000000] smp: Bringing up secondary CPUs ...
[    0.000000] Detected PIPT I-cache on CPU1
[    0.000000] GICv3: CPU1: found redistributor 1 region 0:0x00000000fd480000
[    0.000000] CPU1: Booted secondary processor 0x0000000001 [0x412fd050]
[    0.000000] Detected PIPT I-cache on CPU2
[    0.000000] GICv3: CPU2: found redistributor 2 region 0:0x00000000fd4a0000
[    0.000000] CPU2: Booted secondary processor 0x0000000002 [0x412fd050]
[    0.000000] Detected PIPT I-cache on CPU3
[    0.000000] GICv3: CPU3: found redistributor 3 region 0:0x00000000fd4c0000
[    0.000000] CPU3: Booted secondary processor 0x0000000003 [0x412fd050]
[    0.000000] smp: Brought up 1 node, 4 CPUs
[    0.000000] SMP: Total of 4 processors activated.
[    0.000000] CPU features: detected: 32-bit EL0 Support
[    0.000000] CPU features: detected: Data cache clean to the PoU not required for I/D coherence
[    0.000000] CPU features: detected: Common not Private translations
[    0.000000] CPU features: detected: CRC32 instructions
[    0.000000] CPU features: detected: Privileged Access Never
[    0.000000] CPU features: detected: RAS Extension Support
[    0.000000] CPU features: detected: Speculative Store Bypassing Safe (SSBS)
[    0.000000] CPU: All CPU(s) started at EL2
[    0.000000] alternatives: patching kernel code
[    0.000000] devtmpfs: initialized
[    0.000000] Registered cp15_barrier emulation handler
[    0.000000] Registered setend emulation handler
[    0.000000] clocksource: jiffies: mask: 0xffffffff max_cycles: 0xffffffff, max_idle_ns: 7645041785100000 ns
[    0.000000] futex hash table entries: 1024 (order: 4, 65536 bytes, linear)
[    0.000000] pinctrl core: initialized pinctrl subsystem
[    0.000000] NET: Registered protocol family 16
[    0.000000] DMA: preallocated 256 KiB GFP_KERNEL pool for atomic allocations
[    0.000000] DMA: preallocated 256 KiB GFP_KERNEL|GFP_DMA pool for atomic allocations
[    0.000000] DMA: preallocated 256 KiB GFP_KERNEL|GFP_DMA32 pool for atomic allocations
[    0.000000] audit: initializing netlink subsys (disabled)
[    0.000000] audit: type=2000 audit(0.540:1): state=initialized audit_enabled=0 res=1
[    0.000000] thermal_sys: Registered thermal governor 'fair_share'
[    0.000000] thermal_sys: Registered thermal governor 'step_wise'
[    0.000000] thermal_sys: Registered thermal governor 'user_space'
[    0.000000] cpuidle: using governor menu
[    0.000000] hw-breakpoint: found 6 breakpoint and 4 watchpoint registers.
[    0.000000] ASID allocator initialised with 32768 entries
[    0.000000] Serial: AMBA PL011 UART driver
[    0.000000] platform fdd90000.hdmi: Fixed dependency cycle(s) with /hdmi@fdd90000/ports
[    0.000000] platform fdd90000.hdmi: Fixed dependency cycle(s) with /hdmi@fdd90000/ports/port@0
[    0.000000] platform fdd90000.hdmi: Fixed dependency cycle(s) with /hdmi@fdd90000/ports/port@1
[    0.000000] platform fdd90000.hdmi: Fixed dependency cycle(s) with /vop@fdd90000/ports/port@1/endpoint@1
[    0.000000] platform fdd90000.hdmi: Fixed dependency cycle(s) with /vop@fdd90000/ports/port@1/endpoint@2
[    0.000000] platform fdd90000.hdmi: Fixed dependency cycle(s) with /vop@fdd90000/ports/port@2/endpoint@2
[    0.000000] platform fdd90000.hdmi: Fixed dependency cycle(s) with /vop@fdd90000/ports/port@2/endpoint@3
[    0.000000] platform fdd90000.hdmi: Fixed dependency cycle(s) with /vop@fdd90000/ports/port@2/endpoint@4
[    0.000000] platform fdd90000.hdmi: Fixed dependency cycle(s) with /hdmi@fdd90000/ports/port@1
[    0.000000] iommu: Default domain type: Translated
[    0.000000] SCSI subsystem initialized
[    0.000000] usbcore: registered new interface driver usbfs
[    0.000000] usbcore: registered new interface driver hub
[    0.000000] usbcore: registered new device driver usb
[    0.000000] mc: Linux media interface: v0.10
[    0.000000] videodev: Linux video capture interface: v2.00
[    0.000000] pps_core: LinuxPPS API ver. 1 registered
[    0.000000] pps_core: Software ver. 5.3.6 - Copyright 2005-2007 Rodolfo Giometti <giometti@linux.it>
[    0.000000] PTP clock support registered
[    0.000000] Advanced Linux Sound Architecture Driver Initialized.
[    0.000000] clocksource: Switched to clocksource arch_sys_counter
[    0.000000] VFS: Disk quotas dquot_6.6.0
[    0.000000] VFS: Dquot-cache hash table entries: 512 (order 0, 4096 bytes)
[    0.000000] pnp: PnP ACPI: disabled
[    0.000000] NET: Registered protocol family 2
[    0.000000] tcp_listen_portaddr_hash hash table entries: 2048 (order: 3, 32768 bytes, linear)
[    0.000000] TCP established hash table entries: 32768 (order: 6, 262144 bytes, linear)
[    0.000000] TCP bind hash table entries: 32768 (order: 7, 524288 bytes, linear)
[    0.000000] TCP: Hash tables configured (established 32768 bind 32768)
[    0.000000] UDP hash table entries: 2048 (order: 4, 65536 bytes, linear)
[    0.000000] UDP-Lite hash table entries: 2048 (order: 4, 65536 bytes, linear)
[    0.000000] NET: Registered protocol family 1
[    0.000000] PCI: CLS 0 bytes, default 64
[    0.000000] Trying to unpack rootfs image as initramfs...
[    0.000000] Freeing initrd memory: 10144K
[    0.000000] hw perfevents: enabled with armv8_cortex_a55 PMU driver, 7 counters available
[    0.000000] kvm [1]: IPA Size Limit: 40 bits
[    0.000000] kvm [1]: vgic interrupt IRQ1
[    0.000000] kvm [1]: Hyp mode initialized successfully
[    0.000000] Initialise system trusted keyrings
[    0.000000] workingset: timestamp_bits=46 max_order=20 bucket_order=0
[    0.000000] squashfs: version 4.0 (2009/01/31) Phillip Lougher
[    0.000000] NFS: Registering the id_resolver key type
[    0.000000] Key type id_resolver registered
[    0.000000] Key type id_legacy registered
[    0.000000] ntfs: driver 2.1.32 [Flags: R/O].
[    0.000000] fuse: init (API version 7.32)
[    0.000000] Key type asymmetric registered
[    0.000000] Asymmetric key parser 'x509' registered
[    0.000000] Block layer SCSI generic (bsg) driver version 0.4 loaded (major 244)
[    0.000000] io scheduler mq-deadline registered
[    0.000000] io scheduler kyber registered
[    0.000000] io scheduler bfq registered
[    0.000000] EINJ: ACPI disabled.
[    0.000000] rockchip-pinctrl pinctrl: probed pinctrl
[    0.000000] rockchip-pinctrl pinctrl: Hi, this is rk3568!
[    0.000000] Serial: 8250/16550 driver, 4 ports, IRQ sharing disabled
[    0.000000] printk: console [ttyS2] disabled
[    0.000000] fe660000.serial: ttyS2 at MMIO 0xfe660000 (irq = 25, base_baud = 1500000) is a 16550A
[    0.000000] printk: console [ttyS2] enabled
[    0.000000] fe650000.serial: ttyS1 at MMIO 0xfe650000 (irq = 26, base_baud = 1500000) is a 16550A
[    0.000000] fe640000.serial: ttyS0 at MMIO 0xfe640000 (irq = 27, base_baud = 1500000) is a 16550A
[    0.000000] Serial: AMBA driver
[    0.000000] cacheinfo: Unable to detect cache hierarchy for CPU 0
[    0.000000] loop: module loaded
[    0.000000] spi-nor spi0.0: unrecognized JEDEC id bytes: 00 00 00 00 00 00
[    0.000000] tun: Universal TUN/TAP device driver, 1.6
[    0.000000] thunder_xcv, ver 1.0
[    0.000000] thunder_bgx, ver 1.0
[    0.000000] thunder_nic, ver 1.0
[    0.000000] thunder_octeontx, ver 1.0
[    0.000000] i2c /dev entries driver
[    0.000000] usbcore: registered new interface driver uvcvideo
[    0.000000] USB Video Class driver (1.1.1)
[    0.000000] rockchip-thermal fe260000.tsadc: Missing rockchip,grf property
[    0.000000] sdhci: Secure Digital Host Controller Interface driver
[    0.000000] sdhci: Copyright(c) Pierre Ossman
[    0.000000] Synopsys Designware Multimedia Card Interface Driver
[    0.000000] sdhci-pltfm: SDHCI platform and OF driver helper
[    0.000000] ledtrig-cpu: registered to indicate activity on CPUs
[    0.000000] hid: raw HID events driver (C) Jiri Kosina
[    0.000000] usbcore: registered new interface driver usbhid
[    0.000000] usbhid: USB HID core driver
[    0.000000] Initializing XFRM netlink socket
[    0.000000] NET: Registered protocol family 17
[    0.000000] Key type dns_resolver registered
[    0.000000] registered taskstats version 1
[    0.000000] Loading compiled-in X.509 certificates
[    0.000000] rk3568-pcie: phy init failed
[    0.000000] rk3568-pcie: probe of pcie@fe280000 failed with error -110
[    0.000000] hctosys: unable to open rtc device (rtc0)
[    0.000000] of_cfs_init
[    0.000000] of_cfs_init: OK
[    0.000000] ALSA device list:
[    0.000000]   No soundcards found.
[    0.000000] Freeing unused kernel memory: 2240K
[    0.000000] Run /init as init process
[    0.000000]   with arguments:
[    0.000000]     /init
[    0.000000]   with environment:
[    0.000000]     HOME=/
[    0.000000]     TERM=linux
[    0.000000]     console=ttyS2,1500000
[    0.000000]     console=tty0
[    0.000000]     cma=16M
[    0.000000]     loglevel=8
[    0.000000]     root=UUID=12345678-1234-1234-1234-123456789abc
[    0.000000]     rootwait
[    0.000000]     rw
[    0.019817] i2c i2c-0: Added multiplexed i2c bus 2
[    0.019838] i2c i2c-0: Added multiplexed i2c bus 3
[    0.019858] i2c i2c-0: Added multiplexed i2c bus 4
[    0.019879] i2c i2c-0: Added multiplexed i2c bus 5
[    0.020290] rockchip-spi fe640000.spi: bus number = 1, cs2
[    0.020313] rockchip-spi fe640000.spi: no high_speed pinctrl state
[    0.020317] rockchip-spi fe640000.spi: no clk_ref pinctrl state
[    0.020770] rockchip-spi fe630000.spi: bus number = 0, cs0
[    0.020792] rockchip-spi fe630000.spi: no high_speed pinctrl state
[    0.020797] rockchip-spi fe630000.spi: no clk_ref pinctrl state
[    0.021002] rk806 0-0050: chip id: 0x6, ver: 0x2
[    0.021460] rk806 0-0050: rk806 dcdc2 default uV: 900000
[    0.021679] rk806 0-0050: rk806 dcdc3 default uV: 1200000
[    0.021889] rk806 0-0050: rk806 dcdc4 default uV: 900000
[    0.022103] rk806 0-0050: rk806 dcdc5 default uV: 900000
[    0.022598] rk806 0-0050: rk806 dcdc1 default uV: 1200000
[    0.024450] mpp_service: probe start!
[    0.027234] rk806 0-0050: rk806_dcdc2: supplied by vcc5v0_sys
[    0.027240] rk806 0-0050: rk806_dcdc3: supplied by vcc5v0_sys
[    0.027245] rk806 0-0050: rk806_dcdc4: supplied by vcc5v0_sys
[    0.027249] rk806 0-0050: rk806_dcdc5: supplied by vcc5v0_sys
[    0.027254] rk806 0-0050: rk806_dcdc1: supplied by vcc5v0_sys
[    0.027258] rk806 0-0050: rk806_dcdc6: supplied by vcc5v0_sys
[    0.027262] rk806 0-0050: rk806_dcdc7: supplied by vcc5v0_sys
[    0.027267] rk806 0-0050: rk806_dcdc8: supplied by vcc5v0_sys
[    0.027271] rk806 0-0050: rk806_dcdc9: supplied by vcc5v0_sys
[    0.027276] rk806 0-0050: rk806_ldo1: supplied by vcc5v0_sys
[    0.027280] rk806 0-0050: rk806_ldo2: supplied by vcc5v0_sys
[    0.027285] rk806 0-0050: rk806_ldo3: supplied by vcc5v0_sys
[    0.027289] rk806 0-0050: rk806_ldo4: supplied by vcc5v0_sys
[    0.027294] rk806 0-0050: rk806_ldo5: supplied by vcc5v0_sys
[    0.027298] rk806 0-0050: rk806_ldo6: supplied by vcc5v0_sys
[    0.027303] rk806 0-0050: rk806_ldo7: supplied by vcc5v0_sys
[    0.027307] rk806 0-0050: rk806_ldo8: supplied by vcc5v0_sys
[    0.027312] rk806 0-0050: rk806_ldo9: supplied by vcc5v0_sys
[    0.027316] rk806 0-0050: rk806_ldo10: supplied by vcc5v0_sys
[    0.027321] rk806 0-0050: rk806_ldo11: supplied by vcc5v0_sys
[    0.027325] rk806 0-0050: rk806_ldo12: supplied by vcc5v0_sys
[    0.027330] rk806 0-0050: rk806_ldo13: supplied by vcc5v0_sys
[    0.027334] rk806 0-0050: rk806_ldo14: supplied by vcc5v0_sys
[    0.027339] rk806 0-0050: rk806_ldo15: supplied by vcc5v0_sys
[    0.027343] rk806 0-0050: rk806_ldo16: supplied by vcc5v0_sys
[    0.027348] rk806 0-0050: rk806_ldo17: supplied by vcc5v0_sys
[    0.027352] rk806 0-0050: rk806_ldo18: supplied by vcc5v0_sys
[    0.027357] rk806 0-0050: rk806_ldo19: supplied by vcc5v0_sys
[    0.027361] rk806 0-0050: rk806_ldo20: supplied by vcc5v0_sys
[    0.027366] rk806 0-0050: rk806_ldo21: supplied by vcc5v0_sys
[    0.027370] rk806 0-0050: rk806_ldo22: supplied by vcc5v0_sys
[    0.027375] rk806 0-0050: rk806_ldo23: supplied by vcc5v0_sys
[    0.027379] rk806 0-0050: rk806_ldo24: supplied by vcc5v0_sys
[    0.027384] rk806 0-0050: rk806_ldo25: supplied by vcc5v0_sys
[    0.027388] rk806 0-0050: rk806_ldo26: supplied by vcc5v0_sys
[    0.027393] rk806 0-0050: rk806_ldo27: supplied by vcc5v0_sys
[    0.027397] rk806 0-0050: rk806_ldo28: supplied by vcc5v0_sys
[    0.027402] rk806 0-0050: rk806_ldo29: supplied by vcc5v0_sys
[    0.027406] rk806 0-0050: rk806_ldo30: supplied by vcc5v0_sys
[    0.027582] rk806 0-0050: rk806_ldo4: ramp_delay not set, set default 3200
[    0.027593] rk806 0-0050: rk806_ldo5: ramp_delay not set, set default 3200
[    0.027604] rk806 0-0050: rk806_ldo6: ramp_delay not set, set default 3200
[    0.027614] rk806 0-0050: rk806_ldo7: ramp_delay not set, set default 3200
[    0.027625] rk806 0-0050: rk806_ldo8: ramp_delay not set, set default 3200
[    0.027636] rk806 0-0050: rk806_ldo9: ramp_delay not set, set default 3200
[    0.027647] rk806 0-0050: rk806_ldo10: ramp_delay not set, set default 3200
[    0.027658] rk806 0-0050: rk806_ldo11: ramp_delay not set, set default 3200
[    0.027669] rk806 0-0050: rk806_ldo12: ramp_delay not set, set default 3200
[    0.027680] rk806 0-0050: rk806_ldo13: ramp_delay not set, set default 3200
[    0.027691] rk806 0-0050: rk806_ldo14: ramp_delay not set, set default 3200
[    0.027701] rk806 0-0050: rk806_ldo15: ramp_delay not set, set default 3200
[    0.027712] rk806 0-0050: rk806_ldo16: ramp_delay not set, set default 3200
[    0.027723] rk806 0-0050: rk806_ldo17: ramp_delay not set, set default 3200
[    0.027734] rk806 0-0050: rk806_ldo18: ramp_delay not set, set default 3200
[    0.027745] rk806 0-0050: rk806_ldo19: ramp_delay not set, set default 3200
[    0.027756] rk806 0-0050: rk806_ldo20: ramp_delay not set, set default 3200
[    0.027767] rk806 0-0050: rk806_ldo21: ramp_delay not set, set default 3200
[    0.027777] rk806 0-0050: rk806_ldo22: ramp_delay not set, set default 3200
[    0.027788] rk806 0-0050: rk806_ldo23: ramp_delay not set, set default 3200
[    0.027799] rk806 0-0050: rk806_ldo24: ramp_delay not set, set default 3200
[    0.027810] rk806 0-0050: rk806_ldo25: ramp_delay not set, set default 3200
[    0.027821] rk806 0-0050: rk806_ldo26: ramp_delay not set, set default 3200
[    0.027832] rk806 0-0050: rk806_ldo27: ramp_delay not set, set default 3200
[    0.027843] rk806 0-0050: rk806_ldo28: ramp_delay not set, set default 3200
[    0.027854] rk806 0-0050: rk806_ldo29: ramp_delay not set, set default 3200
[    0.027865] rk806 0-0050: rk806_ldo30: ramp_delay not set, set default 3200
[    0.028460] EXT4-fs (mmcblk0p5): mounted filesystem with ordered data mode. Opts: (null)
[    0.028472] VFS: Mounted root (ext4 filesystem) on device 179:5.
[    0.028715] devtmpfs: mounted
[    0.028995] Freeing unused kernel memory: 2240K
[    0.029020] Run /sbin/init as init process
[    0.029021]   with arguments:
[    0.029022]     /sbin/init
[    0.029023]   with environment:
[    0.029023]     HOME=/
[    0.029024]     TERM=linux
[    0.029024]     console=ttyS2,1500000
[    0.029025]     console=tty0
[    0.029025]     cma=16M
[    0.029026]     loglevel=8
[    0.029026]     root=UUID=12345678-1234-1234-1234-123456789abc
[    0.029027]     rootwait
[    0.029027]     rw
[    0.029152] systemd[1]: System time before build time, advancing clock.
[    0.034558] systemd[1]: systemd 249.11-0ubuntu3.6 running in system mode. (+PAM +AUDIT +SELINUX +APPARMOR +IMA +SMACK +SECCOMP +GCRYPT +GNUTLS +OPENSSL +ACL +BLKID +CURL +ELFUTILS +FIDO2 +IDN2 -IDN +IPTC +KMOD +LIBCRYPTSETUP +LIBFDISK +PCRE2 -PWQUALITY +P11KIT +QRENCODE +BZIP2 +LZ4 +XZ +ZLIB +ZSTD -XKBCOMMON +UTMP +SYSVINIT default-hierarchy=unified)
[    0.034566] systemd[1]: Detected architecture arm64.
[    0.035295] systemd[1]: Hostname set to <rock3>.
[    0.069107] systemd[1]: Queued start job for default target Graphical Interface.
[    0.069920] systemd[1]: Created slice Slice /system/modprobe.
[    0.070149] systemd[1]: Created slice Slice /system/serial-getty.
[    0.070339] systemd[1]: Created slice User and Session Slice.
[    0.070436] systemd[1]: Started Forward Password Requests to Wall Directory Watch.
[    0.070668] systemd[1]: Set up automount Arbitrary Executable File Formats File System Automount Point.
[    0.070735] systemd[1]: Reached target User and Group Name Lookups.
[    0.070774] systemd[1]: Reached target Remote File Systems.
[    0.070812] systemd[1]: Reached target Slice Units.
[    0.070855] systemd[1]: Reached target Mounted /proc/xen.
[    0.070896] systemd[1]: Reached target Swaps.
